// Jest Snapshot v1, https://goo.gl/fbAQLP

exports[`NameField renders NameField correctly with editing disabled 1`] = `
<div
  className="pgn-transition-replace-group position-relative"
  style={
    Object {
      "height": null,
    }
  }
>
  <div
    style={
      Object {
        "padding": ".1px 0",
      }
    }
  >
    <div
      className="form-group"
    >
      <div
        className="d-flex align-items-start"
      >
        <h6
          aria-level="3"
        >
          Full name
        </h6>
        <button
          className="ml-3 btn btn-link"
          disabled={false}
          onClick={[Function]}
          type="button"
        >
          <svg
            aria-hidden="true"
            className="svg-inline--fa fa-pencil-alt fa-w-16 mr-1"
            data-icon="pencil-alt"
            data-prefix="fas"
            focusable="false"
            role="img"
            style={Object {}}
            viewBox="0 0 512 512"
            xmlns="http://www.w3.org/2000/svg"
          >
            <path
              d="M497.9 142.1l-46.1 46.1c-4.7 4.7-12.3 4.7-17 0l-111-111c-4.7-4.7-4.7-12.3 0-17l46.1-46.1c18.7-18.7 49.1-18.7 67.9 0l60.1 60.1c18.8 18.7 18.8 49.1 0 67.9zM284.2 99.8L21.6 362.4.4 483.9c-2.9 16.4 11.4 30.6 27.8 27.8l121.5-21.3 262.6-262.6c4.7-4.7 4.7-12.3 0-17l-111-111c-4.8-4.7-12.4-4.7-17.1 0zM124.1 339.9c-5.5-5.5-5.5-14.3 0-19.8l154-154c5.5-5.5 14.3-5.5 19.8 0s5.5 14.3 0 19.8l-154 154c-5.5 5.5-14.3 5.5-19.8 0zM88 424h48v36.3l-64.5 11.3-31.1-31.1L51.7 376H88v48z"
              fill="currentColor"
              style={Object {}}
            />
          </svg>
          Edit
        </button>
      </div>
      <p
        className="text-truncate"
        data-hj-suppress={true}
      >
        Test Name
      </p>
      <p
        className="small text-muted mt-n2"
      >
        Helpful Text
      </p>
    </div>
  </div>
</div>
`;

exports[`NameField renders NameField correctly with editing enabled 1`] = `
<div
  className="pgn-transition-replace-group position-relative"
  style={
    Object {
      "height": null,
    }
  }
>
  <div
    style={
      Object {
        "padding": ".1px 0",
      }
    }
  >
    <form
      onSubmit={[Function]}
    >
      <div
        className="pgn__form-group"
      >
        <div
          className="pgn__form-group d-inline-block mb-0"
        >
          <label
            className="pgn__form-label h6 d-block"
            htmlFor="field-firstName"
            size="sm"
          >
            First name
          </label>
          <div
            className="pgn__form-control-decorator-group"
          >
            <input
              className="has-value form-control is-invalid"
              data-hj-suppress={true}
              id="field-firstName"
              name="first_name"
              onBlur={[Function]}
              onChange={[Function]}
              type="text"
              value="Test"
            />
          </div>
        </div>
        <div
          className="pgn__form-group d-inline-block mb-0"
        >
          <label
            className="pgn__form-label h6 d-block"
            htmlFor="field-lastName"
            size="sm"
          >
            Last name
          </label>
          <div
            className="pgn__form-control-decorator-group"
          >
            <input
              className="has-value form-control is-invalid"
              data-hj-suppress={true}
              id="field-lastName"
              name="last_name"
              onBlur={[Function]}
              onChange={[Function]}
              type="text"
              value="Name"
            />
          </div>
        </div>
        <div
          className="pgn__form-text pgn__form-text-default"
        >
          <div>
            Helpful Text
          </div>
        </div>
        <div
          className="pgn__form-control-description pgn__form-text pgn__form-text-invalid"
          id="field-name-3"
        >
          <div>
            
          </div>
        </div>
      </div>
      <p>
        <button
          aria-disabled={false}
          aria-live="assertive"
          className="pgn__stateful-btn pgn__stateful-btn-state-default mr-2 btn btn-primary"
          disabled={false}
          onClick={[Function]}
          type="submit"
        >
          <span
            className="d-flex align-items-center justify-content-center"
          >
            <span>
              Save
            </span>
          </span>
        </button>
        <button
          className="btn btn-outline-primary"
          disabled={false}
          onClick={[Function]}
          type="button"
        >
          Cancel
        </button>
      </p>
    </form>
  </div>
</div>
`;
